 QuickUsbUtil

 Timestamp is 502011d3 (Mon Aug 06 11:49:55 2012)

 Preferred load address is 10000000

 Start         Length     Name                   Class
 0001:00000000 000027a0H .text                   CODE
 0002:00000000 000000d8H .idata$5                DATA
 0002:000000d8 00000004H .CRT$XCA                DATA
 0002:000000dc 00000004H .CRT$XCZ                DATA
 0002:000000e0 00000004H .CRT$XIA                DATA
 0002:000000e4 00000004H .CRT$XIAA               DATA
 0002:000000e8 00000004H .CRT$XIZ                DATA
 0002:000000f0 000000b8H .rdata                  DATA
 0002:000001a8 00000079H .rdata$debug            DATA
 0002:00000230 00000004H .rdata$sxdata           DATA
 0002:00000234 00000004H .rtc$IAA                DATA
 0002:00000238 00000004H .rtc$IZZ                DATA
 0002:0000023c 00000004H .rtc$TAA                DATA
 0002:00000240 00000004H .rtc$TZZ                DATA
 0002:00000248 00000064H .xdata$x                DATA
 0002:000002ac 00000028H .idata$2                DATA
 0002:000002d4 00000014H .idata$3                DATA
 0002:000002e8 000000d8H .idata$4                DATA
 0002:000003c0 000003c4H .idata$6                DATA
 0002:00000790 00000147H .edata                  DATA
 0003:00000000 00000018H .data                   DATA
 0003:00000020 00003b78H .bss                    DATA
 0004:00000000 00000058H .rsrc$01                DATA
 0004:00000060 00000370H .rsrc$02                DATA

  Address         Publics by Value              Rva+Base       Lib:Object

 0000:00000000       __except_list              00000000     <absolute>
 0000:00000001       ___safe_se_handler_count   00000001     <absolute>
 0000:00009876       __fltused                  00009876     <absolute>
 0000:00009876       __ldused                   00009876     <absolute>
 0000:00000000       ___ImageBase               10000000     <linker-defined>
 0001:00000000       _TestQusbOpen              10001000 f   QuickUsbApiBase.obj
 0001:00000090       _QuickUsbGetDeviceHandle   10001090 f   QuickUsbApiBase.obj
 0001:000000e0       _QuickUsbRetrieveDeviceHandle 100010e0 f   QuickUsbApiBase.obj
 0001:00000140       _QuickUsbClose@4           10001140 f   QuickUsbApiBase.obj
 0001:00000250       _QuickUsbGetStringDescriptor@16 10001250 f   QuickUsbApiBase.obj
 0001:00000350       _QuickUsbFindModules@8     10001350 f   QuickUsbApiBase.obj
 0001:00000720       _QuickUsbGetFirmwareVersion@16 10001720 f   QuickUsbApiBase.obj
 0001:000007e0       _QuickUsbGetLastError@4    100017e0 f   QuickUsbApiBase.obj
 0001:00000800       _QuickUsbGetDeviceDesc@12  10001800 f   QuickUsbApiBase.obj
 0001:00000880       _QuickUsbOpenEx@12         10001880 f   QuickUsbApiBase.obj
 0001:00000a80       _QuickUsbOpen@8            10001a80 f   QuickUsbApiBase.obj
 0001:00000aa0       _QuickUsbAsyncWait@16      10001aa0 f   QuickUsbApiData.obj
 0001:00000c40       _GetI2CError               10001c40 f   QuickUsbApiIIC.obj
 0001:00000cd0       _QuickUsbWriteI2C@16       10001cd0 f   QuickUsbApiIIC.obj
 0001:00000d60       _QuickUsbWriteEepromData@16 10001d60 f   QuickUsbApiProgram.obj
 0001:00000fd0       _QuickUsbReadEepromData@16 10001fd0 f   QuickUsbApiProgram.obj
 0001:000010b0       _QuickUsbWriteRamData@16   100020b0 f   QuickUsbApiProgram.obj
 0001:00001130       _QuickUsbReadSetting@12    10002130 f   QuickUsbApiSettings.obj
 0001:000011a0       _QuickUsbIssueStreamBulkRequest 100021a0 f   QuickUsbApiStream.obj
 0001:000013d0       _QuickUsbFreeDataBuffer@4  100023d0 f   QuickUsbApiStream.obj
 0001:00001410       _CompleteBulkRequest       10002410 f   QuickUsbApiStream.obj
 0001:000015b0       _QuickUsbProcessSTStream   100025b0 f   QuickUsbApiStream.obj
 0001:00001640       _StopStream                10002640 f   QuickUsbApiStream.obj
 0001:000017c0       _QuickUsbStopStream@12     100027c0 f   QuickUsbApiStream.obj
 0001:00001a30       _DllMain@12                10002a30 f   QuickUsbUtil.obj
 0001:00001b20       _TranslateSystemError      10002b20 f   QuickUsbUtil.obj
 0001:00001c70       _IsAtLeastVersion          10002c70 f   QuickUsbUtil.obj
 0001:00001cb0       _QuickUsbIoctl             10002cb0 f   QuickUsbUtil.obj
 0001:00001da0       _QuickUsbVendorRequest     10002da0 f   QuickUsbUtil.obj
 0001:00001ec0       _QuickUsbSetResetState@8   10002ec0 f   QuickUsbUtil.obj
 0001:00001f13       @__security_check_cookie@4 10002f13 f   MSVCRT:secchk.obj
 0001:00001f22       _memset                    10002f22 f   MSVCRT:MSVCR90.dll
 0001:00001f30       _memcpy                    10002f30 f   MSVCRT:MSVCR90.dll
 0001:00001f85       __CRT_INIT@12              10002f85 f   MSVCRT:crtdll.obj
 0001:000022c1       __DllMainCRTStartup@12     100032c1 f   MSVCRT:crtdll.obj
 0001:000022e4       ___report_gsfailure        100032e4 f   MSVCRT:gs_report.obj
 0001:000023ea       ___clean_type_info_names   100033ea f   MSVCRT:tncleanup.obj
 0001:000023f6       __onexit                   100033f6 f   MSVCRT:atonexit.obj
 0001:0000249b       _atexit                    1000349b f   MSVCRT:atonexit.obj
 0001:000024b2       __RTC_Initialize           100034b2 f   MSVCRT:_initsect_.obj
 0001:000024d8       __RTC_Terminate            100034d8 f   MSVCRT:_initsect_.obj
 0001:00002500       __ValidateImageBase        10003500 f   MSVCRT:pesect.obj
 0001:00002540       __FindPESection            10003540 f   MSVCRT:pesect.obj
 0001:00002590       __IsNonwritableInCurrentImage 10003590 f   MSVCRT:pesect.obj
 0001:0000264e       __initterm                 1000364e f   MSVCRT:MSVCR90.dll
 0001:00002654       __initterm_e               10003654 f   MSVCRT:MSVCR90.dll
 0001:0000265a       __amsg_exit                1000365a f   MSVCRT:MSVCR90.dll
 0001:00002660       ___CppXcptFilter           10003660 f   MSVCRT:MSVCR90.dll
 0001:00002668       __SEH_prolog4              10003668 f   MSVCRT:sehprolg4.obj
 0001:000026ad       __SEH_epilog4              100036ad f   MSVCRT:sehprolg4.obj
 0001:000026c1       __except_handler4          100036c1 f   MSVCRT:chandler4gs.obj
 0001:000026e6       ___security_init_cookie    100036e6 f   MSVCRT:gs_support.obj
 0001:0000277c       __crt_debugger_hook        1000377c f   MSVCRT:MSVCR90.dll
 0001:00002782       ___clean_type_info_names_internal 10003782 f   MSVCRT:MSVCR90.dll
 0001:00002788       __unlock                   10003788 f   MSVCRT:MSVCR90.dll
 0001:0000278e       ___dllonexit               1000378e f   MSVCRT:MSVCR90.dll
 0001:00002794       __lock                     10003794 f   MSVCRT:MSVCR90.dll
 0001:0000279a       __except_handler4_common   1000379a f   MSVCRT:MSVCR90.dll
 0002:00000000       __imp__GetLastError@0      10004000     kernel32:KERNEL32.dll
 0002:00000004       __imp__GetSystemTimeAsFileTime@4 10004004     kernel32:KERNEL32.dll
 0002:00000008       __imp__GetCurrentProcessId@0 10004008     kernel32:KERNEL32.dll
 0002:0000000c       __imp__GetCurrentThreadId@0 1000400c     kernel32:KERNEL32.dll
 0002:00000010       __imp__GetTickCount@0      10004010     kernel32:KERNEL32.dll
 0002:00000014       __imp__IsDebuggerPresent@0 10004014     kernel32:KERNEL32.dll
 0002:00000018       __imp__SetUnhandledExceptionFilter@4 10004018     kernel32:KERNEL32.dll
 0002:0000001c       __imp__UnhandledExceptionFilter@4 1000401c     kernel32:KERNEL32.dll
 0002:00000020       __imp__GetCurrentProcess@0 10004020     kernel32:KERNEL32.dll
 0002:00000024       __imp__TerminateProcess@8  10004024     kernel32:KERNEL32.dll
 0002:00000028       __imp__InterlockedCompareExchange@12 10004028     kernel32:KERNEL32.dll
 0002:0000002c       __imp__InterlockedExchange@8 1000402c     kernel32:KERNEL32.dll
 0002:00000030       __imp__PostQueuedCompletionStatus@16 10004030     kernel32:KERNEL32.dll
 0002:00000034       __imp__DeleteCriticalSection@4 10004034     kernel32:KERNEL32.dll
 0002:00000038       __imp__GetQueuedCompletionStatus@20 10004038     kernel32:KERNEL32.dll
 0002:0000003c       __imp__UnmapViewOfFile@4   1000403c     kernel32:KERNEL32.dll
 0002:00000040       __imp__CreateFileMappingA@24 10004040     kernel32:KERNEL32.dll
 0002:00000044       __imp__MapViewOfFile@20    10004044     kernel32:KERNEL32.dll
 0002:00000048       __imp__QueryPerformanceCounter@4 10004048     kernel32:KERNEL32.dll
 0002:0000004c       __imp__Sleep@4             1000404c     kernel32:KERNEL32.dll
 0002:00000050       __imp__EnterCriticalSection@4 10004050     kernel32:KERNEL32.dll
 0002:00000054       __imp__LeaveCriticalSection@4 10004054     kernel32:KERNEL32.dll
 0002:00000058       __imp__ReadFile@20         10004058     kernel32:KERNEL32.dll
 0002:0000005c       __imp__DeviceIoControl@32  1000405c     kernel32:KERNEL32.dll
 0002:00000060       __imp__CreateEventA@16     10004060     kernel32:KERNEL32.dll
 0002:00000064       __imp__WriteFile@20        10004064     kernel32:KERNEL32.dll
 0002:00000068       __imp__CreateFileA@28      10004068     kernel32:KERNEL32.dll
 0002:0000006c       __imp__CloseHandle@4       1000406c     kernel32:KERNEL32.dll
 0002:00000070       __imp__GetOverlappedResult@16 10004070     kernel32:KERNEL32.dll
 0002:00000074       \177KERNEL32_NULL_THUNK_DATA 10004074     kernel32:KERNEL32.dll
 0002:00000078       __imp___except_handler4_common 10004078     MSVCRT:MSVCR90.dll
 0002:0000007c       __imp___onexit             1000407c     MSVCRT:MSVCR90.dll
 0002:00000080       __imp___lock               10004080     MSVCRT:MSVCR90.dll
 0002:00000084       __imp____dllonexit         10004084     MSVCRT:MSVCR90.dll
 0002:00000088       __imp___unlock             10004088     MSVCRT:MSVCR90.dll
 0002:0000008c       __imp____clean_type_info_names_internal 1000408c     MSVCRT:MSVCR90.dll
 0002:00000090       __imp___crt_debugger_hook  10004090     MSVCRT:MSVCR90.dll
 0002:00000094       __imp____CppXcptFilter     10004094     MSVCRT:MSVCR90.dll
 0002:00000098       __imp___adjust_fdiv        10004098     MSVCRT:MSVCR90.dll
 0002:0000009c       __imp___amsg_exit          1000409c     MSVCRT:MSVCR90.dll
 0002:000000a0       __imp___initterm_e         100040a0     MSVCRT:MSVCR90.dll
 0002:000000a4       __imp___initterm           100040a4     MSVCRT:MSVCR90.dll
 0002:000000a8       __imp___decode_pointer     100040a8     MSVCRT:MSVCR90.dll
 0002:000000ac       __imp___encoded_null       100040ac     MSVCRT:MSVCR90.dll
 0002:000000b0       __imp___malloc_crt         100040b0     MSVCRT:MSVCR90.dll
 0002:000000b4       __imp___encode_pointer     100040b4     MSVCRT:MSVCR90.dll
 0002:000000b8       __imp__memcpy              100040b8     MSVCRT:MSVCR90.dll
 0002:000000bc       __imp__free                100040bc     MSVCRT:MSVCR90.dll
 0002:000000c0       __imp__strncmp             100040c0     MSVCRT:MSVCR90.dll
 0002:000000c4       __imp__memset              100040c4     MSVCRT:MSVCR90.dll
 0002:000000c8       __imp__strcpy_s            100040c8     MSVCRT:MSVCR90.dll
 0002:000000cc       __imp__strstr              100040cc     MSVCRT:MSVCR90.dll
 0002:000000d0       __imp__sprintf_s           100040d0     MSVCRT:MSVCR90.dll
 0002:000000d4       \177MSVCR90_NULL_THUNK_DATA 100040d4     MSVCRT:MSVCR90.dll
 0002:000000d8       ___xc_a                    100040d8     MSVCRT:cinitexe.obj
 0002:000000dc       ___xc_z                    100040dc     MSVCRT:cinitexe.obj
 0002:000000e0       ___xi_a                    100040e0     MSVCRT:cinitexe.obj
 0002:000000e8       ___xi_z                    100040e8     MSVCRT:cinitexe.obj
 0002:0000010c       ??_C@_06DIBEOEIP@?2?2?4?2?$CFs?$AA@ 1000410c     QuickUsbApiBase.obj
 0002:00000114       ??_C@_02DKCKIIND@?$CFs?$AA@ 10004114     QuickUsbApiBase.obj
 0002:00000118       ??_C@_03EMIMMIHL@?$CK?4?$CK?$AA@ 10004118     QuickUsbApiBase.obj
 0002:0000011c       ??_C@_0BA@LGMOHBAL@Bitwise?5Systems?$AA@ 1000411c     QuickUsbApiBase.obj
 0002:0000012c       ??_C@_06PICFNMGI@?$CFs?9?$CF1d?$AA@ 1000412c     QuickUsbApiBase.obj
 0002:00000134       ??_C@_04GMMIKMGH@QUSB?$AA@ 10004134     QuickUsbApiBase.obj
 0002:0000013c       ??_C@_05PDJAGGLI@QUSB?9?$AA@ 1000413c     QuickUsbApiBase.obj
 0002:00000144       ??_C@_0P@CCLJNBHE@qusbdllfilemap?$AA@ 10004144     QuickUsbUtil.obj
 0002:00000154       __pRawDllMain              10004154     MSVCRT:crtdll.obj
 0002:00000154       __pDefaultRawDllMain       10004154     MSVCRT:crtdll.obj
 0002:00000160       __load_config_used         10004160     MSVCRT:loadcfg.obj
 0002:00000230       ___safe_se_handler_table   10004230     <linker-defined>
 0002:00000234       ___rtc_iaa                 10004234     MSVCRT:_initsect_.obj
 0002:00000238       ___rtc_izz                 10004238     MSVCRT:_initsect_.obj
 0002:0000023c       ___rtc_taa                 1000423c     MSVCRT:_initsect_.obj
 0002:00000240       ___rtc_tzz                 10004240     MSVCRT:_initsect_.obj
 0002:000002ac       __IMPORT_DESCRIPTOR_MSVCR90 100042ac     MSVCRT:MSVCR90.dll
 0002:000002c0       __IMPORT_DESCRIPTOR_KERNEL32 100042c0     kernel32:KERNEL32.dll
 0002:000002d4       __NULL_IMPORT_DESCRIPTOR   100042d4     MSVCRT:MSVCR90.dll
 0003:00000000       _Timeout                   10005000     QuickUsbUtil.obj
 0003:00000004       ___security_cookie         10005004     MSVCRT:gs_cookie.obj
 0003:00000008       ___security_cookie_complement 10005008     MSVCRT:gs_cookie.obj
 0003:00000010       ___native_dllmain_reason   10005010     MSVCRT:natstart.obj
 0003:00000014       ___native_vcclrit_reason   10005014     MSVCRT:natstart.obj
 0003:00000020       _GlobalStreamFlags         10005020     QuickUsbApiStream.obj
 0003:00000024       _lastError                 10005024     QuickUsbUtil.obj
 0003:00000028       _lastDriverError           10005028     QuickUsbUtil.obj
 0003:0000002c       _initialized               1000502c     QuickUsbUtil.obj
 0003:00000030       _QusbDeviceRefCount        10005030     QuickUsbUtil.obj
 0003:00000034       _hMapObject                10005034     QuickUsbUtil.obj
 0003:00000038       _processCount              10005038     QuickUsbUtil.obj
 0003:00000364       ?__type_info_root_node@@3U__type_info_node@@A 10005364     MSVCRT:tncleanup.obj
 0003:00000370       _DriverVersion             10005370     <common>
 0003:00000380       _QusbDeviceInfo            10005380     <common>
 0003:00003b80       __adjust_fdiv              10008b80     <common>
 0003:00003b84       ___native_startup_state    10008b84     <common>
 0003:00003b88       ___native_startup_lock     10008b88     <common>
 0003:00003b8c       ___onexitend               10008b8c     <common>
 0003:00003b90       ___onexitbegin             10008b90     <common>
 0003:00003b94       ___dyn_tls_init_callback   10008b94     <common>

 entry point at        0001:000022c1

 Static symbols

 0001:00001f36       _pre_c_init                10002f36 f   MSVCRT:crtdll.obj
 0001:000021ab       ___DllMainCRTStartup       100031ab f   MSVCRT:crtdll.obj

 Exports

  ordinal    name

        1    _QuickUsbClose@4
               exported name: QuickUsbClose
        2    _QuickUsbFindModules@8
               exported name: QuickUsbFindModules
        3    _QuickUsbGetDeviceDesc@12
               exported name: QuickUsbGetDeviceDesc
        4    _QuickUsbGetLastError@4
               exported name: QuickUsbGetLastError
        5    _QuickUsbOpen@8
               exported name: QuickUsbOpen
        6    _QuickUsbReadEepromData@16
               exported name: QuickUsbReadEepromData
        7    _QuickUsbSetResetState@8
               exported name: QuickUsbSetResetState
        8    _QuickUsbWriteEepromData@16
               exported name: QuickUsbWriteEepromData
        9    _QuickUsbWriteRamData@16
               exported name: QuickUsbWriteRamData
