 QuickUSB

 Timestamp is 4ea5e7f9 (Mon Oct 24 15:34:33 2011)

 Preferred load address is 0000000180000000

 Start         Length     Name                   Class
 0001:00000000 00009c41H .text                   CODE
 0001:00009c50 00000091H .text$x                 CODE
 0002:00000000 00000208H .idata$5                DATA
 0002:00000208 00000008H .CRT$XCA                DATA
 0002:00000210 00000008H .CRT$XCZ                DATA
 0002:00000218 00000008H .CRT$XIA                DATA
 0002:00000220 00000008H .CRT$XIAA               DATA
 0002:00000228 00000008H .CRT$XIZ                DATA
 0002:00000230 00000088H .rdata                  DATA
 0002:000002b8 00000083H .rdata$debug            DATA
 0002:00000340 00000008H .rtc$IAA                DATA
 0002:00000348 00000008H .rtc$IZZ                DATA
 0002:00000350 00000008H .rtc$TAA                DATA
 0002:00000358 00000008H .rtc$TZZ                DATA
 0002:00000360 00000f10H .xdata                  DATA
 0002:00001270 00000028H .idata$2                DATA
 0002:00001298 00000014H .idata$3                DATA
 0002:000012b0 00000208H .idata$4                DATA
 0002:000014b8 00000442H .idata$6                DATA
 0002:00001900 00000784H .edata                  DATA
 0003:00000000 0000001cH .data                   DATA
 0003:00000020 000039e0H .bss                    DATA
 0004:00000000 00000a20H .pdata                  DATA
 0005:00000000 00000058H .rsrc$01                DATA
 0005:00000060 00000370H .rsrc$02                DATA

  Address         Publics by Value              Rva+Base               Lib:Object

 0000:00000000       ___safe_se_handler_count   0000000000000000     <absolute>
 0000:00000000       ___safe_se_handler_table   0000000000000000     <absolute>
 0000:00000000       __ImageBase                0000000180000000     <linker-defined>
 0001:00000000       QuickUsbOpen               0000000180001000 f   QuickUsbApiBase.obj
 0001:00000010       QuickUsbOpenEx             0000000180001010 f   QuickUsbApiBase.obj
 0001:00000220       QuickUsbClose              0000000180001220 f   QuickUsbApiBase.obj
 0001:00000390       QuickUsbGetStringDescriptor 0000000180001390 f   QuickUsbApiBase.obj
 0001:00000500       QuickUsbFindModules        0000000180001500 f   QuickUsbApiBase.obj
 0001:000008a0       QuickUsbSetTimeout         00000001800018a0 f   QuickUsbApiBase.obj
 0001:000009e0       QuickUsbGetDriverVersion   00000001800019e0 f   QuickUsbApiBase.obj
 0001:00000a70       QuickUsbGetDllVersion      0000000180001a70 f   QuickUsbApiBase.obj
 0001:00000a90       QuickUsbGetFirmwareVersion 0000000180001a90 f   QuickUsbApiBase.obj
 0001:00000be0       QuickUsbGetLastError       0000000180001be0 f   QuickUsbApiBase.obj
 0001:00000bf0       QuickUsbWriteCommand       0000000180001bf0 f   QuickUsbApiData.obj
 0001:00000cb0       QuickUsbReadCommand        0000000180001cb0 f   QuickUsbApiData.obj
 0001:00000d90       QuickUsbWriteData          0000000180001d90 f   QuickUsbApiData.obj
 0001:00000ff0       QuickUsbReadData           0000000180001ff0 f   QuickUsbApiData.obj
 0001:000012d0       QuickUsbReadDataAsync      00000001800022d0 f   QuickUsbApiData.obj
 0001:000014e0       QuickUsbWriteDataAsync     00000001800024e0 f   QuickUsbApiData.obj
 0001:000016f0       QuickUsbAsyncWait          00000001800026f0 f   QuickUsbApiData.obj
 0001:00001900       QuickUsbReadBulkDataAsync  0000000180002900 f   QuickUsbApiData.obj
 0001:00001ad0       QuickUsbWriteBulkDataAsync 0000000180002ad0 f   QuickUsbApiData.obj
 0001:00001ca0       QuickUsbBulkWait           0000000180002ca0 f   QuickUsbApiData.obj
 0001:00002020       QuickUsbSetNumAsyncThreads 0000000180003020 f   QuickUsbApiData.obj
 0001:00002190       QuickUsbGetNumAsyncThreads 0000000180003190 f   QuickUsbApiData.obj
 0001:00002230       QuickUsbReadBulkDataStartStream 0000000180003230 f   QuickUsbApiData.obj
 0001:00002510       QuickUsbWriteBulkDataStartStream 0000000180003510 f   QuickUsbApiData.obj
 0001:000027c0       QuickUsbProcessStream      00000001800037c0 f   QuickUsbApiData.obj
 0001:00002840       QuickUsbIdentifyEpcs       0000000180003840 f   QuickUsbApiEpcs.obj
 0001:00002b20       QuickUsbConfigureEpcs      0000000180003b20 f   QuickUsbApiEpcs.obj
 0001:000030d0       QuickUsbVerifyEpcs         00000001800040d0 f   QuickUsbApiEpcs.obj
 0001:00003630       QuickUsbEraseEpcs          0000000180004630 f   QuickUsbApiEpcs.obj
 0001:00003990       QuickUsbStartFpgaConfiguration 0000000180004990 f   QuickUsbApiFPGA.obj
 0001:00003a50       QuickUsbWriteFpgaData      0000000180004a50 f   QuickUsbApiFPGA.obj
 0001:00003bd0       QuickUsbIsFpgaConfigured   0000000180004bd0 f   QuickUsbApiFPGA.obj
 0001:00003cb0       QuickUsbConfigureFpga      0000000180004cb0 f   QuickUsbApiFPGA.obj
 0001:00004070       QuickUsbReadPortDir        0000000180005070 f   QuickUsbApiGPIO.obj
 0001:00004130       QuickUsbWritePortDir       0000000180005130 f   QuickUsbApiGPIO.obj
 0001:00004200       QuickUsbReadPort           0000000180005200 f   QuickUsbApiGPIO.obj
 0001:00004310       QuickUsbWritePort          0000000180005310 f   QuickUsbApiGPIO.obj
 0001:000043d0       GetI2CError                00000001800053d0 f   QuickUsbApiIIC.obj
 0001:000044c0       QuickUsbReadI2C            00000001800054c0 f   QuickUsbApiIIC.obj
 0001:000045e0       QuickUsbWriteI2C           00000001800055e0 f   QuickUsbApiIIC.obj
 0001:000046c0       QuickUsbCachedWriteI2C     00000001800056c0 f   QuickUsbApiIIC.obj
 0001:000046d0       QuickUsbWriteEepromData    00000001800056d0 f   QuickUsbApiProgram.obj
 0001:00004a00       QuickUsbWriteFirmware      0000000180005a00 f   QuickUsbApiProgram.obj
 0001:00005b20       QuickUsbVerifyFirmware     0000000180006b20 f   QuickUsbApiProgram.obj
 0001:000066c0       IicExpand                  00000001800076c0 f   QuickUsbApiProgram.obj
 0001:000067f0       FindSection                00000001800077f0 f   QuickUsbApiProgram.obj
 0001:00006890       QuickUsbSetRS232BaudRate   0000000180007890 f   QuickUsbApiRS232.obj
 0001:00006960       QuickUsbGetNumRS232        0000000180007960 f   QuickUsbApiRS232.obj
 0001:00006a70       QuickUsbFlushRS232         0000000180007a70 f   QuickUsbApiRS232.obj
 0001:00006b40       QuickUsbReadRS232          0000000180007b40 f   QuickUsbApiRS232.obj
 0001:00006cb0       QuickUsbWriteRS232         0000000180007cb0 f   QuickUsbApiRS232.obj
 0001:00006e50       FindDefaultsInEeprom       0000000180007e50 f   QuickUsbApiSettings.obj
 0001:00007120       QuickUsbReadSetting        0000000180008120 f   QuickUsbApiSettings.obj
 0001:000071e0       QuickUsbWriteSetting       00000001800081e0 f   QuickUsbApiSettings.obj
 0001:00007290       QuickUsbReadDefault        0000000180008290 f   QuickUsbApiSettings.obj
 0001:00007410       QuickUsbWriteDefault       0000000180008410 f   QuickUsbApiSettings.obj
 0001:00007630       QuickUsbReadSpi            0000000180008630 f   QuickUsbApiSpi.obj
 0001:00007750       QuickUsbWriteSpi           0000000180008750 f   QuickUsbApiSpi.obj
 0001:00007820       QuickUsbWriteReadSpi       0000000180008820 f   QuickUsbApiSpi.obj
 0001:00007980       QuickUsbWriteStorage       0000000180008980 f   QuickUsbApiStorage.obj
 0001:00007c20       QuickUsbReadStorage        0000000180008c20 f   QuickUsbApiStorage.obj
 0001:00007e60       QuickUsbInitializeStream   0000000180008e60 f   QuickUsbStream.obj
 0001:00008110       QuickUsbStartStream        0000000180009110 f   QuickUsbStream.obj
 0001:000081f0       QuickUsbPauseStream        00000001800091f0 f   QuickUsbStream.obj
 0001:000083b0       QuickUsbResumeStream       00000001800093b0 f   QuickUsbStream.obj
 0001:00008480       QuickUsbProcessSTStream    0000000180009480 f   QuickUsbStream.obj
 0001:00008620       StopStream                 0000000180009620 f   QuickUsbStream.obj
 0001:00008750       QuickUsbStopStream         0000000180009750 f   QuickUsbStream.obj
 0001:00008a80       QuickUsbIssueStreamBulkRequest 0000000180009a80 f   QuickUsbStream.obj
 0001:00008d20       QuickUsbStreamThread       0000000180009d20 f   QuickUsbStream.obj
 0001:00008d80       QuickUsbIoctl              0000000180009d80 f   QuickUsbUtil.obj
 0001:00008f80       QuickUsbVendorRequest      0000000180009f80 f   QuickUsbUtil.obj
 0001:000091b0       TranslateSystemError       000000018000a1b0 f   QuickUsbUtil.obj
 0001:00009200       IsAtLeastVersion           000000018000a200 f   QuickUsbUtil.obj
 0001:00009220       QuickUsbSetResetState      000000018000a220 f   QuickUsbUtil.obj
 0001:000092e0       __security_check_cookie    000000018000a2e0 f   MSVCRT:amdsecgs.obj
 0001:00009360       _CRT_INIT                  000000018000a360 f   MSVCRT:crtdll.obj
 0001:000096f4       _DllMainCRTStartup         000000018000a6f4 f   MSVCRT:crtdll.obj
 0001:00009734       __report_gsfailure         000000018000a734 f   MSVCRT:gs_report.obj
 0001:00009880       __clean_type_info_names    000000018000a880 f   MSVCRT:tncleanup.obj
 0001:0000988c       _onexit                    000000018000a88c f   MSVCRT:atonexit.obj
 0001:0000993c       atexit                     000000018000a93c f   MSVCRT:atonexit.obj
 0001:00009954       _RTC_Initialize            000000018000a954 f   MSVCRT:_initsect_.obj
 0001:0000998c       _RTC_Terminate             000000018000a98c f   MSVCRT:_initsect_.obj
 0001:000099d0       _ValidateImageBase         000000018000a9d0 f   MSVCRT:pesect.obj
 0001:00009a00       _FindPESection             000000018000aa00 f   MSVCRT:pesect.obj
 0001:00009a50       _IsNonwritableInCurrentImage 000000018000aa50 f   MSVCRT:pesect.obj
 0001:00009a92       _initterm                  000000018000aa92 f   MSVCRT:MSVCR90.dll
 0001:00009a98       _initterm_e                000000018000aa98 f   MSVCRT:MSVCR90.dll
 0001:00009a9e       _amsg_exit                 000000018000aa9e f   MSVCRT:MSVCR90.dll
 0001:00009aa4       __C_specific_handler       000000018000aaa4 f   MSVCRT:MSVCR90.dll
 0001:00009aaa       __CppXcptFilter            000000018000aaaa f   MSVCRT:MSVCR90.dll
 0001:00009ab0       DllMain                    000000018000aab0 f   MSVCRT:dllmain.obj
 0001:00009ad4       __security_init_cookie     000000018000aad4 f   MSVCRT:gs_support.obj
 0001:00009b88       __crt_debugger_hook        000000018000ab88 f   MSVCRT:MSVCR90.dll
 0001:00009b8e       __clean_type_info_names_internal 000000018000ab8e f   MSVCRT:MSVCR90.dll
 0001:00009b94       _unlock                    000000018000ab94 f   MSVCRT:MSVCR90.dll
 0001:00009b9a       __dllonexit                000000018000ab9a f   MSVCRT:MSVCR90.dll
 0001:00009ba0       _lock                      000000018000aba0 f   MSVCRT:MSVCR90.dll
 0001:00009ba6       RtlVirtualUnwind           000000018000aba6 f   kernel32:KERNEL32.dll
 0001:00009bac       RtlLookupFunctionEntry     000000018000abac f   kernel32:KERNEL32.dll
 0001:00009bb2       memset                     000000018000abb2 f   MSVCRT:MSVCR90.dll
 0001:00009bb8       memcpy                     000000018000abb8 f   MSVCRT:MSVCR90.dll
 0001:00009bc0       __GSHandlerCheckCommon     000000018000abc0 f   MSVCRT:gshandler.obj
 0001:00009c24       __GSHandlerCheck           000000018000ac24 f   MSVCRT:gshandler.obj
 0002:00000000       __imp_GetLastError         000000018000b000     kernel32:KERNEL32.dll
 0002:00000008       __imp_GetSystemTimeAsFileTime 000000018000b008     kernel32:KERNEL32.dll
 0002:00000010       __imp_GetCurrentProcessId  000000018000b010     kernel32:KERNEL32.dll
 0002:00000018       __imp_GetCurrentThreadId   000000018000b018     kernel32:KERNEL32.dll
 0002:00000020       __imp_GetTickCount         000000018000b020     kernel32:KERNEL32.dll
 0002:00000028       __imp_DisableThreadLibraryCalls 000000018000b028     kernel32:KERNEL32.dll
 0002:00000030       __imp_RtlCaptureContext    000000018000b030     kernel32:KERNEL32.dll
 0002:00000038       __imp_RtlLookupFunctionEntry 000000018000b038     kernel32:KERNEL32.dll
 0002:00000040       __imp_RtlVirtualUnwind     000000018000b040     kernel32:KERNEL32.dll
 0002:00000048       __imp_IsDebuggerPresent    000000018000b048     kernel32:KERNEL32.dll
 0002:00000050       __imp_SetUnhandledExceptionFilter 000000018000b050     kernel32:KERNEL32.dll
 0002:00000058       __imp_UnhandledExceptionFilter 000000018000b058     kernel32:KERNEL32.dll
 0002:00000060       __imp_GetCurrentProcess    000000018000b060     kernel32:KERNEL32.dll
 0002:00000068       __imp_TerminateProcess     000000018000b068     kernel32:KERNEL32.dll
 0002:00000070       __imp_CreateThread         000000018000b070     kernel32:KERNEL32.dll
 0002:00000078       __imp_DeleteCriticalSection 000000018000b078     kernel32:KERNEL32.dll
 0002:00000080       __imp_CreateIoCompletionPort 000000018000b080     kernel32:KERNEL32.dll
 0002:00000088       __imp_PostQueuedCompletionStatus 000000018000b088     kernel32:KERNEL32.dll
 0002:00000090       __imp_InitializeCriticalSection 000000018000b090     kernel32:KERNEL32.dll
 0002:00000098       __imp_GetQueuedCompletionStatus 000000018000b098     kernel32:KERNEL32.dll
 0002:000000a0       __imp_QueryPerformanceCounter 000000018000b0a0     kernel32:KERNEL32.dll
 0002:000000a8       __imp_DeviceIoControl      000000018000b0a8     kernel32:KERNEL32.dll
 0002:000000b0       __imp_EnterCriticalSection 000000018000b0b0     kernel32:KERNEL32.dll
 0002:000000b8       __imp_GetOverlappedResult  000000018000b0b8     kernel32:KERNEL32.dll
 0002:000000c0       __imp_ReadFile             000000018000b0c0     kernel32:KERNEL32.dll
 0002:000000c8       __imp_LeaveCriticalSection 000000018000b0c8     kernel32:KERNEL32.dll
 0002:000000d0       __imp_CreateEventA         000000018000b0d0     kernel32:KERNEL32.dll
 0002:000000d8       __imp_Sleep                000000018000b0d8     kernel32:KERNEL32.dll
 0002:000000e0       __imp_WriteFile            000000018000b0e0     kernel32:KERNEL32.dll
 0002:000000e8       __imp_CloseHandle          000000018000b0e8     kernel32:KERNEL32.dll
 0002:000000f0       __imp_CreateFileA          000000018000b0f0     kernel32:KERNEL32.dll
 0002:000000f8       \177KERNEL32_NULL_THUNK_DATA 000000018000b0f8     kernel32:KERNEL32.dll
 0002:00000100       __imp__lock                000000018000b100     MSVCRT:MSVCR90.dll
 0002:00000108       __imp_sprintf_s            000000018000b108     MSVCRT:MSVCR90.dll
 0002:00000110       __imp___dllonexit          000000018000b110     MSVCRT:MSVCR90.dll
 0002:00000118       __imp__unlock              000000018000b118     MSVCRT:MSVCR90.dll
 0002:00000120       __imp___clean_type_info_names_internal 000000018000b120     MSVCRT:MSVCR90.dll
 0002:00000128       __imp___crt_debugger_hook  000000018000b128     MSVCRT:MSVCR90.dll
 0002:00000130       __imp___CppXcptFilter      000000018000b130     MSVCRT:MSVCR90.dll
 0002:00000138       __imp___C_specific_handler 000000018000b138     MSVCRT:MSVCR90.dll
 0002:00000140       __imp__amsg_exit           000000018000b140     MSVCRT:MSVCR90.dll
 0002:00000148       __imp__decode_pointer      000000018000b148     MSVCRT:MSVCR90.dll
 0002:00000150       __imp__encoded_null        000000018000b150     MSVCRT:MSVCR90.dll
 0002:00000158       __imp__initterm_e          000000018000b158     MSVCRT:MSVCR90.dll
 0002:00000160       __imp__initterm            000000018000b160     MSVCRT:MSVCR90.dll
 0002:00000168       __imp__malloc_crt          000000018000b168     MSVCRT:MSVCR90.dll
 0002:00000170       __imp__encode_pointer      000000018000b170     MSVCRT:MSVCR90.dll
 0002:00000178       __imp__swab                000000018000b178     MSVCRT:MSVCR90.dll
 0002:00000180       __imp__itoa_s              000000018000b180     MSVCRT:MSVCR90.dll
 0002:00000188       __imp_feof                 000000018000b188     MSVCRT:MSVCR90.dll
 0002:00000190       __imp_fclose               000000018000b190     MSVCRT:MSVCR90.dll
 0002:00000198       __imp_fseek                000000018000b198     MSVCRT:MSVCR90.dll
 0002:000001a0       __imp_ftell                000000018000b1a0     MSVCRT:MSVCR90.dll
 0002:000001a8       __imp_fread                000000018000b1a8     MSVCRT:MSVCR90.dll
 0002:000001b0       __imp_fopen_s              000000018000b1b0     MSVCRT:MSVCR90.dll
 0002:000001b8       __imp_clock                000000018000b1b8     MSVCRT:MSVCR90.dll
 0002:000001c0       __imp_malloc               000000018000b1c0     MSVCRT:MSVCR90.dll
 0002:000001c8       __imp_free                 000000018000b1c8     MSVCRT:MSVCR90.dll
 0002:000001d0       __imp_strcpy_s             000000018000b1d0     MSVCRT:MSVCR90.dll
 0002:000001d8       __imp_strstr               000000018000b1d8     MSVCRT:MSVCR90.dll
 0002:000001e0       __imp_strncmp              000000018000b1e0     MSVCRT:MSVCR90.dll
 0002:000001e8       __imp__onexit              000000018000b1e8     MSVCRT:MSVCR90.dll
 0002:000001f0       __imp_memset               000000018000b1f0     MSVCRT:MSVCR90.dll
 0002:000001f8       __imp_memcpy               000000018000b1f8     MSVCRT:MSVCR90.dll
 0002:00000200       \177MSVCR90_NULL_THUNK_DATA 000000018000b200     MSVCRT:MSVCR90.dll
 0002:00000208       __xc_a                     000000018000b208     MSVCRT:cinitexe.obj
 0002:00000210       __xc_z                     000000018000b210     MSVCRT:cinitexe.obj
 0002:00000218       __xi_a                     000000018000b218     MSVCRT:cinitexe.obj
 0002:00000228       __xi_z                     000000018000b228     MSVCRT:cinitexe.obj
 0002:00000250       _pDefaultRawDllMain        000000018000b250     MSVCRT:crtdll.obj
 0002:00000250       _pRawDllMain               000000018000b250     MSVCRT:crtdll.obj
 0002:00000268       ??_C@_06DIBEOEIP@?2?2?4?2?$CFs?$AA@ 000000018000b268     QuickUsbApiBase.obj
 0002:00000270       ??_C@_05PDJAGGLI@QUSB?9?$AA@ 000000018000b270     QuickUsbApiBase.obj
 0002:00000278       ??_C@_04GMMIKMGH@QUSB?$AA@ 000000018000b278     QuickUsbApiBase.obj
 0002:00000280       ??_C@_06PICFNMGI@?$CFs?9?$CF1d?$AA@ 000000018000b280     QuickUsbApiBase.obj
 0002:00000288       ??_C@_0BA@LGMOHBAL@Bitwise?5Systems?$AA@ 000000018000b288     QuickUsbApiBase.obj
 0002:00000298       ??_C@_03EMIMMIHL@?$CK?4?$CK?$AA@ 000000018000b298     QuickUsbApiBase.obj
 0002:0000029c       ??_C@_02DKCKIIND@?$CFs?$AA@ 000000018000b29c     QuickUsbApiBase.obj
 0002:0000029f       ??_C@_00CNPNBAHC@?$AA@     000000018000b29f     QuickUsbApiBase.obj
 0002:000002a0       ??_C@_02JDPG@rb?$AA@       000000018000b2a0     QuickUsbApiEpcs.obj
 0002:000002a4       ??_C@_04INIGBNHO@DFLT?$AA@ 000000018000b2a4     QuickUsbApiProgram.obj
 0002:000002ac       ??_C@_04PMKPNBEF@STRS?$AA@ 000000018000b2ac     QuickUsbApiProgram.obj
 0002:000002b4       __real@447a0000            000000018000b2b4      CIL library: CIL module
 0002:00000340       __rtc_iaa                  000000018000b340     MSVCRT:_initsect_.obj
 0002:00000348       __rtc_izz                  000000018000b348     MSVCRT:_initsect_.obj
 0002:00000350       __rtc_taa                  000000018000b350     MSVCRT:_initsect_.obj
 0002:00000358       __rtc_tzz                  000000018000b358     MSVCRT:_initsect_.obj
 0002:00001270       __IMPORT_DESCRIPTOR_MSVCR90 000000018000c270     MSVCRT:MSVCR90.dll
 0002:00001284       __IMPORT_DESCRIPTOR_KERNEL32 000000018000c284     kernel32:KERNEL32.dll
 0002:00001298       __NULL_IMPORT_DESCRIPTOR   000000018000c298     MSVCRT:MSVCR90.dll
 0003:00000000       __security_cookie          000000018000e000     MSVCRT:gs_cookie.obj
 0003:00000008       __security_cookie_complement 000000018000e008     MSVCRT:gs_cookie.obj
 0003:00000010       __native_dllmain_reason    000000018000e010     MSVCRT:natstart.obj
 0003:00000014       __native_vcclrit_reason    000000018000e014     MSVCRT:natstart.obj
 0003:00000018       _fltused                   000000018000e018     MSVCRT:dllsupp.obj
 0003:000005a0       _forceCRTManifestRTM       000000018000e5a0     MSVCRT:crtmanifestrtm.obj
 0003:000005a8       ?__type_info_root_node@@3U__type_info_node@@A 000000018000e5a8     MSVCRT:tncleanup.obj
 0003:000005b8       lastError                  000000018000e5b8     QuickUsbUtil.obj
 0003:000005bc       initialized                000000018000e5bc     QuickUsbUtil.obj
 0003:000005c0       __native_startup_state     000000018000e5c0     <common>
 0003:000005c8       __native_startup_lock      000000018000e5c8     <common>
 0003:000005d0       __onexitend                000000018000e5d0     <common>
 0003:000005d8       __onexitbegin              000000018000e5d8     <common>
 0003:000005e0       __dyn_tls_init_callback    000000018000e5e0     <common>
 0003:000005f0       DriverVersion              000000018000e5f0     <common>
 0003:000005fc       OpenDeviceOffset           000000018000e5fc     <common>
 0003:00000600       QusbDeviceInfo             000000018000e600     <common>

 entry point at        0001:000096f4

 Static symbols

 0001:00009300       pre_c_init                 000000018000a300 f   MSVCRT:crtdll.obj
 0001:000095bc       __DllMainCRTStartup        000000018000a5bc f   MSVCRT:crtdll.obj
 0001:00009c50       __DllMainCRTStartup$filt$0 000000018000ac50 f   MSVCRT:crtdll.obj
 0001:00009c80       __DllMainCRTStartup$fin$1  000000018000ac80 f   MSVCRT:crtdll.obj
 0001:00009c99       _onexit$fin$0              000000018000ac99 f   MSVCRT:atonexit.obj
 0001:00009cc0       _IsNonwritableInCurrentImage$filt$0 000000018000acc0 f   MSVCRT:pesect.obj
